// Jest Snapshot v1, https://goo.gl/fbAQLP

exports[`Menu is mounted correctly 1`] = `<!---->`;
